// Jest Snapshot v1, https://goo.gl/fbAQLP

exports[`ToDoList component when provided with an array of tasks should render correctly 1`] = `
<div>
  <h1>
    ToDoList
  </h1>
  <input
    onChange={[Function]}
    value=""
  />
  <button
    onClick={[Function]}
  >
    Add a task
  </button>
  <ul />
</div>
`;
